------------------------------------------------------------
Timing Analyzer Summary
------------------------------------------------------------

Type  : Slow 1200mV 85C Model Setup 'pll_i|altpll_component|auto_generated|pll1|clk[0]'
Slack : 246.995
TNS   : 0.000

Type  : Slow 1200mV 85C Model Hold 'pll_i|altpll_component|auto_generated|pll1|clk[0]'
Slack : 0.441
TNS   : 0.000

Type  : Slow 1200mV 85C Model Minimum Pulse Width 'MAX10_CLK1_50'
Slack : 9.775
TNS   : 0.000

Type  : Slow 1200mV 85C Model Minimum Pulse Width 'pll_i|altpll_component|auto_generated|pll1|clk[0]'
Slack : 124.771
TNS   : 0.000

Type  : Slow 1200mV 0C Model Setup 'pll_i|altpll_component|auto_generated|pll1|clk[0]'
Slack : 247.190
TNS   : 0.000

Type  : Slow 1200mV 0C Model Hold 'pll_i|altpll_component|auto_generated|pll1|clk[0]'
Slack : 0.368
TNS   : 0.000

Type  : Slow 1200mV 0C Model Minimum Pulse Width 'MAX10_CLK1_50'
Slack : 9.783
TNS   : 0.000

Type  : Slow 1200mV 0C Model Minimum Pulse Width 'pll_i|altpll_component|auto_generated|pll1|clk[0]'
Slack : 124.720
TNS   : 0.000

Type  : Fast 1200mV 0C Model Setup 'pll_i|altpll_component|auto_generated|pll1|clk[0]'
Slack : 248.565
TNS   : 0.000

Type  : Fast 1200mV 0C Model Hold 'pll_i|altpll_component|auto_generated|pll1|clk[0]'
Slack : 0.215
TNS   : 0.000

Type  : Fast 1200mV 0C Model Minimum Pulse Width 'MAX10_CLK1_50'
Slack : 9.530
TNS   : 0.000

Type  : Fast 1200mV 0C Model Minimum Pulse Width 'pll_i|altpll_component|auto_generated|pll1|clk[0]'
Slack : 124.804
TNS   : 0.000

------------------------------------------------------------
