------------------------------------------------------------
Timing Analyzer Summary
------------------------------------------------------------

Type  : Slow 1200mV 85C Model Setup 'pll_i|altpll_component|auto_generated|pll1|clk[0]'
Slack : 246.274
TNS   : 0.000

Type  : Slow 1200mV 85C Model Hold 'pll_i|altpll_component|auto_generated|pll1|clk[0]'
Slack : 0.429
TNS   : 0.000

Type  : Slow 1200mV 85C Model Minimum Pulse Width 'MAX10_CLK1_50'
Slack : 9.775
TNS   : 0.000

Type  : Slow 1200mV 85C Model Minimum Pulse Width 'pll_i|altpll_component|auto_generated|pll1|clk[0]'
Slack : 124.774
TNS   : 0.000

Type  : Slow 1200mV 0C Model Setup 'pll_i|altpll_component|auto_generated|pll1|clk[0]'
Slack : 246.590
TNS   : 0.000

Type  : Slow 1200mV 0C Model Hold 'pll_i|altpll_component|auto_generated|pll1|clk[0]'
Slack : 0.355
TNS   : 0.000

Type  : Slow 1200mV 0C Model Minimum Pulse Width 'MAX10_CLK1_50'
Slack : 9.783
TNS   : 0.000

Type  : Slow 1200mV 0C Model Minimum Pulse Width 'pll_i|altpll_component|auto_generated|pll1|clk[0]'
Slack : 124.721
TNS   : 0.000

Type  : Fast 1200mV 0C Model Setup 'pll_i|altpll_component|auto_generated|pll1|clk[0]'
Slack : 248.238
TNS   : 0.000

Type  : Fast 1200mV 0C Model Hold 'pll_i|altpll_component|auto_generated|pll1|clk[0]'
Slack : 0.211
TNS   : 0.000

Type  : Fast 1200mV 0C Model Minimum Pulse Width 'MAX10_CLK1_50'
Slack : 9.530
TNS   : 0.000

Type  : Fast 1200mV 0C Model Minimum Pulse Width 'pll_i|altpll_component|auto_generated|pll1|clk[0]'
Slack : 124.803
TNS   : 0.000

------------------------------------------------------------
